=======================================================================================
  MatcoreDSL Fusion Benchmark — Device-Resident Tensors
  RTX 4060 Laptop (sm_89), float32
  Warmup=20 (absorbs JIT), Iters=100
  Both sides: GPU-resident data, wall-clock after warmup
=======================================================================================

━━━ Standalone Matmul (@mc.kernel, DeviceTensor) ━━━
Size              MC DevTens     MC Host     PyTorch  DT/Torch    TFLOPS
────────────────────────────────────────────────────────────────────────
256x256x256             4.689       4.506       0.009     0.00x    0.0072
512x512x512            11.597       9.733       0.044     0.00x    0.0231
1024x1024x1024           42.400      42.658       0.327     0.01x    0.0506
2048x2048x2048          141.390     147.640       4.118     0.03x    0.1215

━━━ Family A: GEMM + Epilogue (DeviceTensor) ━━━
Op   Size              MC DevTens     MC Host     PyTorch  DT/Torch    GFLOPS       err
───────────────────────────────────────────────────────────────────────────────────────
relu 256x256x256             5.204       4.578       0.010     0.00x       6.5  0.000015
relu 512x512x512            10.106      10.151       0.049     0.00x      26.6  0.000092
relu 1024x1024x1024           20.627      22.899       0.297     0.01x     104.2  0.000179
relu 2048x2048x2048          144.528     150.657       2.413     0.02x     118.9  0.000504
gelu 256x256x256             5.134       4.518       0.015     0.00x       6.5  0.000013
gelu 512x512x512             9.987       9.858       0.044     0.00x      26.9  0.000084
gelu 1024x1024x1024           20.355      22.698       0.273     0.01x     105.6  0.000183
gelu 2048x2048x2048          143.921     150.720       2.419     0.02x     119.4  0.000443
exp  256x256x256             5.201       4.555       0.010     0.00x       6.5  0.000000
exp  512x512x512            10.046       9.852       0.039     0.00x      26.7  0.000002
exp  1024x1024x1024           20.607      22.782       0.286     0.01x     104.3  0.000008
exp  2048x2048x2048          141.825     149.819       2.481     0.02x     121.2  0.000026

=======================================================================================
  Summary
=======================================================================================
  Standalone matmul avg vs PyTorch: 0.01x  (n=4)
  Family A avg vs PyTorch:          0.01x  (n=12)
=======================================================================================
