=========================================
  MatcoreDSL Fusion Benchmark Suite
  RTX 4060 Laptop (sm_89), float32
=========================================

--- Family A: GEMM + Epilogue ---
Op   | Size         | MatcoreDSL (ms) | PyTorch (ms) | Speedup | max_err
relu | 64x32x64     |        0.457 |       0.012 |   0.03x | 0.000002
relu | 128x64x128   |        1.176 |       0.012 |   0.01x | 0.000005
relu | 256x128x256  |        2.358 |       0.011 |   0.00x | 0.000010
relu | 512x256x512  |        6.317 |       0.033 |   0.01x | 0.000019
gelu | 64x32x64     |        0.491 |       0.010 |   0.02x | 0.000003
gelu | 128x64x128   |        1.204 |       0.010 |   0.01x | 0.000006
gelu | 256x128x256  |        2.272 |       0.015 |   0.01x | 0.000010
gelu | 512x256x512  |        4.918 |       0.024 |   0.00x | 0.000023
exp  | 64x32x64     |        0.455 |       0.010 |   0.02x | 0.000000
exp  | 128x64x128   |        1.158 |       0.010 |   0.01x | 0.000000
exp  | 256x128x256  |        2.164 |       0.010 |   0.00x | 0.000000
exp  | 512x256x512  |        4.942 |       0.024 |   0.00x | 0.000000

--- Family B: Tile Chain ---
Op   | Size            | MatcoreDSL (ms) | PyTorch (ms) | Speedup | max_err
relu | 32x16x32x24     |        0.184 |       0.017 |   0.09x | 0.000008
relu | 64x32x64x48     |        0.259 |       0.015 |   0.06x | 0.000025
relu | 128x64x128x96   |        0.630 |       0.017 |   0.03x | 0.000061

--- Family C: Attention ---
Op        | Size      | MatcoreDSL (ms) | PyTorch (ms) | Speedup | max_err
attention | 16x16x8   |        0.191 |       0.017 |   0.09x | 0.001577
attention | 32x32x16  |        0.228 |       0.017 |   0.08x | 0.001328
attention | 64x64x32  |        0.487 |       0.038 |   0.08x | 0.003170

=========================================
  Summary
=========================================
Family A avg speedup: 0.01x
Family B avg speedup: 0.06x
Family C avg speedup: 0.08x
