[SplitK] grid_mn=4, k_tiles=4 → split_k=2 (total_blocks=8, 2 K-tiles/slice)
[FusionMMA] Disabling split_k=2 for fusion pattern (no reduction kernel in fusion pipeline)
[TagKLoop] Tagged 1 K-loop(s) (k_tile=32)
[SubTileUnroll] Unroll factor 2: OK
[SubTileUnroll] Unroll factor 4: OK
[SubTileUnroll] Unroll factor 2: OK
[SubTileUnroll] Total loops unrolled: 3
[AccHoist] K-loop=YES (attr=tagged)
[AccHoist] Found 16 MMA ops in K-loop
[AccHoist] Found store patterns for all MMAs
[AccHoist] Store addresses are loop-invariant ✓
[AccHoist] C-chain: 290 candidates, 128 safe to skip
[AccHoist] Grouped 16 MMAs into 8 accumulator chains
[AccHoist] SUCCESS: hoisted 8 accumulator groups (16 total MMAs) as iter_args
[VecCopy] Async copy 64x32: 2 vecs/thread, vec_size=8 (cp.async 16B)
[VecCopy] Async copy 32x64: 2 vecs/thread, vec_size=8 (cp.async 16B)
[VecCopy] Replaced 2 linalg.copy ops with nvgpu.device_async_copy (CP.ASYNC)
[PadSmem] 64x32 -> 64x40 (pad=8, 16B-aligned)
[PadSmem] 32x64 -> 32x72 (pad=8, 16B-aligned)
[DoubleBuffer] Added smemA1(64x40), smemB1(32x72) workgroup attrs
[DoubleBuffer] Found K-loop with 8 iter_args
[DoubleBuffer] Loop body: 2 srcSubviews, 4 asyncCopies, 2 barriers
[DoubleBuffer] Prologue: k=lb prefetch issued (no wait)
[DoubleBuffer] replaceWithAdditionalYields OK, 13 iter_args
[DoubleBuffer] Phase E: double-buffering applied
  - 4 workgroup attrs (2× ping-pong buffers)
  - 13 iter_args (8 acc + 4 memref + 1 token)
  - 4 async copies per K-step
  - wait-at-top for compute/prefetch overlap
  - scf.if conditional last-iteration guard
[LdMatrixRewrite] Replaced 32 MMA operand(s) with ldmatrix
/usr/bin/ld: /home/hamza-usta/MatcoreDSL/.matcore_cache/0843e65203463c0a34194f4433718766/kernel.o: warning: relocation in read-only section `.ltext'
/usr/bin/ld: warning: creating DT_TEXTREL in a shared object
[SplitK] grid_mn=16, k_tiles=8 → split_k=2 (total_blocks=32, 4 K-tiles/slice)
[FusionMMA] Disabling split_k=2 for fusion pattern (no reduction kernel in fusion pipeline)
[TagKLoop] Tagged 1 K-loop(s) (k_tile=32)
[SubTileUnroll] Unroll factor 2: OK
[SubTileUnroll] Unroll factor 4: OK
[SubTileUnroll] Unroll factor 2: OK
[SubTileUnroll] Total loops unrolled: 3
[AccHoist] K-loop=YES (attr=tagged)
[AccHoist] Found 16 MMA ops in K-loop
[AccHoist] Found store patterns for all MMAs
[AccHoist] Store addresses are loop-invariant ✓
[AccHoist] C-chain: 290 candidates, 128 safe to skip
[AccHoist] Grouped 16 MMAs into 8 accumulator chains
[AccHoist] SUCCESS: hoisted 8 accumulator groups (16 total MMAs) as iter_args
[VecCopy] Async copy 64x32: 2 vecs/thread, vec_size=8 (cp.async 16B)
[VecCopy] Async copy 32x64: 2 vecs/thread, vec_size=8 (cp.async 16B)
[VecCopy] Replaced 2 linalg.copy ops with nvgpu.device_async_copy (CP.ASYNC)
[PadSmem] 64x32 -> 64x40 (pad=8, 16B-aligned)
[PadSmem] 32x64 -> 32x72 (pad=8, 16B-aligned)
[DoubleBuffer] Added smemA1(64x40), smemB1(32x72) workgroup attrs
[DoubleBuffer] Found K-loop with 8 iter_args
[DoubleBuffer] Loop body: 2 srcSubviews, 4 asyncCopies, 2 barriers
[DoubleBuffer] Prologue: k=lb prefetch issued (no wait)
[DoubleBuffer] replaceWithAdditionalYields OK, 13 iter_args
[DoubleBuffer] Phase E: double-buffering applied
  - 4 workgroup attrs (2× ping-pong buffers)
  - 13 iter_args (8 acc + 4 memref + 1 token)
  - 4 async copies per K-step
  - wait-at-top for compute/prefetch overlap
  - scf.if conditional last-iteration guard
[LdMatrixRewrite] Replaced 32 MMA operand(s) with ldmatrix
/usr/bin/ld: /home/hamza-usta/MatcoreDSL/.matcore_cache/5e87746cd20f0705f4ba8e9263632898/kernel.o: warning: relocation in read-only section `.ltext'
/usr/bin/ld: warning: creating DT_TEXTREL in a shared object
[TagKLoop] Tagged 1 K-loop(s) (k_tile=32)
[SubTileUnroll] Unroll factor 2: OK
[SubTileUnroll] Unroll factor 4: OK
[SubTileUnroll] Unroll factor 2: OK
[SubTileUnroll] Total loops unrolled: 3
[AccHoist] K-loop=YES (attr=tagged)
[AccHoist] Found 16 MMA ops in K-loop
[AccHoist] Found store patterns for all MMAs
[AccHoist] Store addresses are loop-invariant ✓
[AccHoist] C-chain: 290 candidates, 128 safe to skip
[AccHoist] Grouped 16 MMAs into 8 accumulator chains
[AccHoist] SUCCESS: hoisted 8 accumulator groups (16 total MMAs) as iter_args
[VecCopy] Async copy 64x32: 2 vecs/thread, vec_size=8 (cp.async 16B)
[VecCopy] Async copy 32x64: 2 vecs/thread, vec_size=8 (cp.async 16B)
[VecCopy] Replaced 2 linalg.copy ops with nvgpu.device_async_copy (CP.ASYNC)
[PadSmem] 64x32 -> 64x40 (pad=8, 16B-aligned)
[PadSmem] 32x64 -> 32x72 (pad=8, 16B-aligned)
[DoubleBuffer] Added smemA1(64x40), smemB1(32x72) workgroup attrs
[DoubleBuffer] Found K-loop with 8 iter_args
[DoubleBuffer] Loop body: 2 srcSubviews, 4 asyncCopies, 2 barriers
[DoubleBuffer] Prologue: k=lb prefetch issued (no wait)
[DoubleBuffer] replaceWithAdditionalYields OK, 13 iter_args
[DoubleBuffer] Phase E: double-buffering applied
  - 4 workgroup attrs (2× ping-pong buffers)
  - 13 iter_args (8 acc + 4 memref + 1 token)
  - 4 async copies per K-step
  - wait-at-top for compute/prefetch overlap
  - scf.if conditional last-iteration guard
[LdMatrixRewrite] Replaced 32 MMA operand(s) with ldmatrix
/usr/bin/ld: /home/hamza-usta/MatcoreDSL/.matcore_cache/f205eef0843b77a77772b0171bd522b8/kernel.o: warning: relocation in read-only section `.ltext'
/usr/bin/ld: warning: creating DT_TEXTREL in a shared object
[TagKLoop] Tagged 1 K-loop(s) (k_tile=32)
[SubTileUnroll] Unroll factor 2: OK
[SubTileUnroll] Unroll factor 4: OK
[SubTileUnroll] Unroll factor 2: OK
[SubTileUnroll] Total loops unrolled: 3
[AccHoist] K-loop=YES (attr=tagged)
[AccHoist] Found 16 MMA ops in K-loop
[AccHoist] Found store patterns for all MMAs
[AccHoist] Store addresses are loop-invariant ✓
[AccHoist] C-chain: 290 candidates, 128 safe to skip
[AccHoist] Grouped 16 MMAs into 8 accumulator chains
[AccHoist] SUCCESS: hoisted 8 accumulator groups (16 total MMAs) as iter_args
[VecCopy] Async copy 128x32: 1 vecs/thread, vec_size=8 (cp.async 16B)
[VecCopy] Async copy 32x128: 1 vecs/thread, vec_size=8 (cp.async 16B)
[VecCopy] Replaced 2 linalg.copy ops with nvgpu.device_async_copy (CP.ASYNC)
[PadSmem] 128x32 -> 128x40 (pad=8, 16B-aligned)
[PadSmem] 32x128 -> 32x136 (pad=8, 16B-aligned)
[DoubleBuffer] Added smemA1(128x40), smemB1(32x136) workgroup attrs
[DoubleBuffer] Found K-loop with 8 iter_args
[DoubleBuffer] Loop body: 2 srcSubviews, 2 asyncCopies, 2 barriers
[DoubleBuffer] Prologue: k=lb prefetch issued (no wait)
[DoubleBuffer] replaceWithAdditionalYields OK, 13 iter_args
[DoubleBuffer] Phase E: double-buffering applied
  - 4 workgroup attrs (2× ping-pong buffers)
  - 13 iter_args (8 acc + 4 memref + 1 token)
  - 2 async copies per K-step
  - wait-at-top for compute/prefetch overlap
  - scf.if conditional last-iteration guard
[LdMatrixRewrite] Replaced 32 MMA operand(s) with ldmatrix
/usr/bin/ld: /home/hamza-usta/MatcoreDSL/.matcore_cache/b24c781d977bfa346c909d3304ba5035/kernel.o: warning: relocation in read-only section `.ltext'
/usr/bin/ld: warning: creating DT_TEXTREL in a shared object
[TagKLoop] Tagged 1 K-loop(s) (k_tile=32)
[SubTileUnroll] Unroll factor 2: OK
[SubTileUnroll] Unroll factor 4: OK
[SubTileUnroll] Unroll factor 2: OK
[SubTileUnroll] Total loops unrolled: 3
[AccHoist] K-loop=YES (attr=tagged)
[AccHoist] Found 16 MMA ops in K-loop
[AccHoist] Found store patterns for all MMAs
[AccHoist] Store addresses are loop-invariant ✓
[AccHoist] C-chain: 290 candidates, 128 safe to skip
[AccHoist] Grouped 16 MMAs into 8 accumulator chains
[AccHoist] SUCCESS: hoisted 8 accumulator groups (16 total MMAs) as iter_args
[VecCopy] Async copy 128x32: 1 vecs/thread, vec_size=8 (cp.async 16B)
[VecCopy] Async copy 32x128: 1 vecs/thread, vec_size=8 (cp.async 16B)
[VecCopy] Replaced 2 linalg.copy ops with nvgpu.device_async_copy (CP.ASYNC)
[PadSmem] 128x32 -> 128x40 (pad=8, 16B-aligned)
[PadSmem] 32x128 -> 32x136 (pad=8, 16B-aligned)
[DoubleBuffer] Added smemA1(128x40), smemB1(32x136) workgroup attrs
[DoubleBuffer] Found K-loop with 8 iter_args
[DoubleBuffer] Loop body: 2 srcSubviews, 2 asyncCopies, 2 barriers
[DoubleBuffer] Prologue: k=lb prefetch issued (no wait)
[DoubleBuffer] replaceWithAdditionalYields OK, 13 iter_args
[DoubleBuffer] Phase E: double-buffering applied
  - 4 workgroup attrs (2× ping-pong buffers)
  - 13 iter_args (8 acc + 4 memref + 1 token)
  - 2 async copies per K-step
  - wait-at-top for compute/prefetch overlap
  - scf.if conditional last-iteration guard
[LdMatrixRewrite] Replaced 32 MMA operand(s) with ldmatrix
/usr/bin/ld: /home/hamza-usta/MatcoreDSL/.matcore_cache/bac9e957c3caef43913ab29ad2ce8bd7/kernel.o: warning: relocation in read-only section `.ltext'
/usr/bin/ld: warning: creating DT_TEXTREL in a shared object
[TagKLoop] Tagged 1 K-loop(s) (k_tile=32)
[SubTileUnroll] Unroll factor 2: OK
[SubTileUnroll] Unroll factor 4: OK
[SubTileUnroll] Unroll factor 2: OK
[SubTileUnroll] Total loops unrolled: 3
[AccHoist] K-loop=YES (attr=tagged)
[AccHoist] Found 16 MMA ops in K-loop
[AccHoist] Found store patterns for all MMAs
[AccHoist] Store addresses are loop-invariant ✓
[AccHoist] C-chain: 290 candidates, 128 safe to skip
[AccHoist] Grouped 16 MMAs into 8 accumulator chains
[AccHoist] SUCCESS: hoisted 8 accumulator groups (16 total MMAs) as iter_args
[VecCopy] Async copy 128x32: 1 vecs/thread, vec_size=8 (cp.async 16B)
[VecCopy] Async copy 32x128: 1 vecs/thread, vec_size=8 (cp.async 16B)
[VecCopy] Replaced 2 linalg.copy ops with nvgpu.device_async_copy (CP.ASYNC)
[PadSmem] 128x32 -> 128x40 (pad=8, 16B-aligned)
[PadSmem] 32x128 -> 32x136 (pad=8, 16B-aligned)
[DoubleBuffer] Added smemA1(128x40), smemB1(32x136) workgroup attrs
[DoubleBuffer] Found K-loop with 8 iter_args
[DoubleBuffer] Loop body: 2 srcSubviews, 2 asyncCopies, 2 barriers
[DoubleBuffer] Prologue: k=lb prefetch issued (no wait)
[DoubleBuffer] replaceWithAdditionalYields OK, 13 iter_args
[DoubleBuffer] Phase E: double-buffering applied
  - 4 workgroup attrs (2× ping-pong buffers)
  - 13 iter_args (8 acc + 4 memref + 1 token)
  - 2 async copies per K-step
  - wait-at-top for compute/prefetch overlap
  - scf.if conditional last-iteration guard
[LdMatrixRewrite] Replaced 32 MMA operand(s) with ldmatrix
/usr/bin/ld: /home/hamza-usta/MatcoreDSL/.matcore_cache/9e4b4d6b5005332428fa3712b38697e4/kernel.o: warning: relocation in read-only section `.ltext'
/usr/bin/ld: warning: creating DT_TEXTREL in a shared object
[TagKLoop] Tagged 1 K-loop(s) (k_tile=32)
[SubTileUnroll] Unroll factor 2: OK
[SubTileUnroll] Unroll factor 4: OK
[SubTileUnroll] Unroll factor 2: OK
[SubTileUnroll] Total loops unrolled: 3
[AccHoist] K-loop=YES (attr=tagged)
[AccHoist] Found 16 MMA ops in K-loop
[AccHoist] Found store patterns for all MMAs
[AccHoist] Store addresses are loop-invariant ✓
[AccHoist] C-chain: 290 candidates, 128 safe to skip
[AccHoist] Grouped 16 MMAs into 8 accumulator chains
[AccHoist] SUCCESS: hoisted 8 accumulator groups (16 total MMAs) as iter_args
[VecCopy] Async copy 128x32: 1 vecs/thread, vec_size=8 (cp.async 16B)
[VecCopy] Async copy 32x128: 1 vecs/thread, vec_size=8 (cp.async 16B)
[VecCopy] Replaced 2 linalg.copy ops with nvgpu.device_async_copy (CP.ASYNC)
[PadSmem] 128x32 -> 128x40 (pad=8, 16B-aligned)
[PadSmem] 32x128 -> 32x136 (pad=8, 16B-aligned)
[DoubleBuffer] Added smemA1(128x40), smemB1(32x136) workgroup attrs
[DoubleBuffer] Found K-loop with 8 iter_args
[DoubleBuffer] Loop body: 2 srcSubviews, 2 asyncCopies, 2 barriers
[DoubleBuffer] Prologue: k=lb prefetch issued (no wait)
[DoubleBuffer] replaceWithAdditionalYields OK, 13 iter_args
[DoubleBuffer] Phase E: double-buffering applied
  - 4 workgroup attrs (2× ping-pong buffers)
  - 13 iter_args (8 acc + 4 memref + 1 token)
  - 2 async copies per K-step
  - wait-at-top for compute/prefetch overlap
  - scf.if conditional last-iteration guard
[LdMatrixRewrite] Replaced 32 MMA operand(s) with ldmatrix
/usr/bin/ld: /home/hamza-usta/MatcoreDSL/.matcore_cache/fa10bb31a65600792f94bbf1db616034/kernel.o: warning: relocation in read-only section `.ltext'
/usr/bin/ld: warning: creating DT_TEXTREL in a shared object
[TagKLoop] Tagged 1 K-loop(s) (k_tile=32)
[SubTileUnroll] Unroll factor 2: OK
[SubTileUnroll] Unroll factor 4: OK
[SubTileUnroll] Unroll factor 2: OK
[SubTileUnroll] Total loops unrolled: 3
[AccHoist] K-loop=YES (attr=tagged)
[AccHoist] Found 16 MMA ops in K-loop
[AccHoist] Found store patterns for all MMAs
[AccHoist] Store addresses are loop-invariant ✓
[AccHoist] C-chain: 290 candidates, 128 safe to skip
[AccHoist] Grouped 16 MMAs into 8 accumulator chains
[AccHoist] SUCCESS: hoisted 8 accumulator groups (16 total MMAs) as iter_args
[VecCopy] Async copy 128x32: 1 vecs/thread, vec_size=8 (cp.async 16B)
[VecCopy] Async copy 32x128: 1 vecs/thread, vec_size=8 (cp.async 16B)
[VecCopy] Replaced 2 linalg.copy ops with nvgpu.device_async_copy (CP.ASYNC)
[PadSmem] 128x32 -> 128x40 (pad=8, 16B-aligned)
[PadSmem] 32x128 -> 32x136 (pad=8, 16B-aligned)
[DoubleBuffer] Added smemA1(128x40), smemB1(32x136) workgroup attrs
[DoubleBuffer] Found K-loop with 8 iter_args
[DoubleBuffer] Loop body: 2 srcSubviews, 2 asyncCopies, 2 barriers
[DoubleBuffer] Prologue: k=lb prefetch issued (no wait)
[DoubleBuffer] replaceWithAdditionalYields OK, 13 iter_args
[DoubleBuffer] Phase E: double-buffering applied
  - 4 workgroup attrs (2× ping-pong buffers)
  - 13 iter_args (8 acc + 4 memref + 1 token)
  - 2 async copies per K-step
  - wait-at-top for compute/prefetch overlap
  - scf.if conditional last-iteration guard
[LdMatrixRewrite] Replaced 32 MMA operand(s) with ldmatrix
/usr/bin/ld: /home/hamza-usta/MatcoreDSL/.matcore_cache/ff97ee355950dc8f3dede57273d306b5/kernel.o: warning: relocation in read-only section `.ltext'
/usr/bin/ld: warning: creating DT_TEXTREL in a shared object
[TagKLoop] Tagged 1 K-loop(s) (k_tile=32)
[SubTileUnroll] Unroll factor 2: OK
[SubTileUnroll] Unroll factor 4: OK
[SubTileUnroll] Unroll factor 2: OK
[SubTileUnroll] Total loops unrolled: 3
[AccHoist] K-loop=YES (attr=tagged)
[AccHoist] Found 16 MMA ops in K-loop
[AccHoist] Found store patterns for all MMAs
[AccHoist] Store addresses are loop-invariant ✓
[AccHoist] C-chain: 290 candidates, 128 safe to skip
[AccHoist] Grouped 16 MMAs into 8 accumulator chains
[AccHoist] SUCCESS: hoisted 8 accumulator groups (16 total MMAs) as iter_args
[VecCopy] Async copy 128x32: 1 vecs/thread, vec_size=8 (cp.async 16B)
[VecCopy] Async copy 32x128: 1 vecs/thread, vec_size=8 (cp.async 16B)
[VecCopy] Replaced 2 linalg.copy ops with nvgpu.device_async_copy (CP.ASYNC)
[PadSmem] 128x32 -> 128x40 (pad=8, 16B-aligned)
[PadSmem] 32x128 -> 32x136 (pad=8, 16B-aligned)
[DoubleBuffer] Added smemA1(128x40), smemB1(32x136) workgroup attrs
[DoubleBuffer] Found K-loop with 8 iter_args
[DoubleBuffer] Loop body: 2 srcSubviews, 2 asyncCopies, 2 barriers
[DoubleBuffer] Prologue: k=lb prefetch issued (no wait)
[DoubleBuffer] replaceWithAdditionalYields OK, 13 iter_args
[DoubleBuffer] Phase E: double-buffering applied
  - 4 workgroup attrs (2× ping-pong buffers)
  - 13 iter_args (8 acc + 4 memref + 1 token)
  - 2 async copies per K-step
  - wait-at-top for compute/prefetch overlap
  - scf.if conditional last-iteration guard
[LdMatrixRewrite] Replaced 32 MMA operand(s) with ldmatrix
/usr/bin/ld: /home/hamza-usta/MatcoreDSL/.matcore_cache/0a25dc316a7f3843f9023cd903187745/kernel.o: warning: relocation in read-only section `.ltext'
/usr/bin/ld: warning: creating DT_TEXTREL in a shared object
