W0423 18:28:23.455000 23799 torch/_inductor/utils.py:1731] [0/0] Not enough SMs to use max_autotune_gemm mode
[TagKLoop] Tagged 1 K-loop(s) (k_tile=32)
[SubTileUnroll] Unroll factor 2: OK
[SubTileUnroll] Unroll factor 4: OK
[SubTileUnroll] Unroll factor 2: OK
[SubTileUnroll] Total loops unrolled: 3
[AccHoist] K-loop=YES (attr=tagged)
[AccHoist] Found 16 MMA ops in K-loop
[AccHoist] Found store patterns for all MMAs
[AccHoist] Store addresses are loop-invariant ✓
[AccHoist] C-chain: 290 candidates, 128 safe to skip
[AccHoist] Grouped 16 MMAs into 8 accumulator chains
[AccHoist] SUCCESS: hoisted 8 accumulator groups (16 total MMAs) as iter_args
[VecCopy] Async copy 128x32: 1 vecs/thread, vec_size=8 (cp.async 16B)
[VecCopy] Async copy 32x128: 1 vecs/thread, vec_size=8 (cp.async 16B)
[VecCopy] Replaced 2 linalg.copy ops with nvgpu.device_async_copy (CP.ASYNC)
[PadSmem] 128x32 -> 128x40 (pad=8, 16B-aligned)
[PadSmem] 32x128 -> 32x136 (pad=8, 16B-aligned)
[DoubleBuffer] Added smemA1(128x40), smemB1(32x136) workgroup attrs
[DoubleBuffer] Found K-loop with 8 iter_args
[DoubleBuffer] Loop body: 2 srcSubviews, 2 asyncCopies, 2 barriers
[DoubleBuffer] Prologue: k=lb prefetch issued (no wait)
[DoubleBuffer] replaceWithAdditionalYields OK, 13 iter_args
[DoubleBuffer] Phase E: double-buffering applied
  - 4 workgroup attrs (2× ping-pong buffers)
  - 13 iter_args (8 acc + 4 memref + 1 token)
  - 2 async copies per K-step
  - wait-at-top for compute/prefetch overlap
  - scf.if conditional last-iteration guard
[LdMatrixRewrite] Replaced 32 MMA operand(s) with ldmatrix
[FusionEpilogue] In-register: rewrote 32 tagged output stores with 1 epilogue ops (no separate kernel)
/usr/bin/ld: /home/hamza-usta/MatcoreDSL/.matcore_cache/95ba85d601b54ff72a55b316b84b691c/kernel.o: warning: relocation in read-only section `.ltext'
/usr/bin/ld: warning: creating DT_TEXTREL in a shared object
/home/hamza-usta/MatcoreDSL/.venv/lib/python3.12/site-packages/torch/_inductor/lowering.py:7836: UserWarning: 
Online softmax is disabled on the fly since Inductor decides to
split the reduction. Cut an issue to PyTorch if this is an
important use case and you want to speed it up with online
softmax.

  warnings.warn(
[TagKLoop] Tagged 1 K-loop(s) (k_tile=32)
[SubTileUnroll] Unroll factor 2: OK
[SubTileUnroll] Unroll factor 4: OK
[SubTileUnroll] Unroll factor 2: OK
[SubTileUnroll] Total loops unrolled: 3
[AccHoist] K-loop=YES (attr=tagged)
[AccHoist] Found 16 MMA ops in K-loop
[AccHoist] Found store patterns for all MMAs
[AccHoist] Store addresses are loop-invariant ✓
[AccHoist] C-chain: 290 candidates, 128 safe to skip
[AccHoist] Grouped 16 MMAs into 8 accumulator chains
[AccHoist] SUCCESS: hoisted 8 accumulator groups (16 total MMAs) as iter_args
[VecCopy] Async copy 128x32: 1 vecs/thread, vec_size=8 (cp.async 16B)
[VecCopy] Async copy 32x128: 1 vecs/thread, vec_size=8 (cp.async 16B)
[VecCopy] Replaced 2 linalg.copy ops with nvgpu.device_async_copy (CP.ASYNC)
[PadSmem] 128x32 -> 128x40 (pad=8, 16B-aligned)
[PadSmem] 32x128 -> 32x136 (pad=8, 16B-aligned)
[DoubleBuffer] Added smemA1(128x40), smemB1(32x136) workgroup attrs
[DoubleBuffer] Found K-loop with 8 iter_args
[DoubleBuffer] Loop body: 2 srcSubviews, 2 asyncCopies, 2 barriers
[DoubleBuffer] Prologue: k=lb prefetch issued (no wait)
[DoubleBuffer] replaceWithAdditionalYields OK, 13 iter_args
[DoubleBuffer] Phase E: double-buffering applied
  - 4 workgroup attrs (2× ping-pong buffers)
  - 13 iter_args (8 acc + 4 memref + 1 token)
  - 2 async copies per K-step
  - wait-at-top for compute/prefetch overlap
  - scf.if conditional last-iteration guard
[LdMatrixRewrite] Replaced 32 MMA operand(s) with ldmatrix
[FusionEpilogue] In-register: rewrote 32 tagged output stores with 1 epilogue ops (no separate kernel)
/usr/bin/ld: /home/hamza-usta/MatcoreDSL/.matcore_cache/cbd1370e99cf49d03998f079296d3af9/kernel.o: warning: relocation in read-only section `.ltext'
/usr/bin/ld: warning: creating DT_TEXTREL in a shared object
[TagKLoop] Tagged 1 K-loop(s) (k_tile=32)
[SubTileUnroll] Unroll factor 2: OK
[SubTileUnroll] Unroll factor 4: OK
[SubTileUnroll] Unroll factor 2: OK
[SubTileUnroll] Total loops unrolled: 3
[AccHoist] K-loop=YES (attr=tagged)
[AccHoist] Found 16 MMA ops in K-loop
[AccHoist] Found store patterns for all MMAs
[AccHoist] Store addresses are loop-invariant ✓
[AccHoist] C-chain: 290 candidates, 128 safe to skip
[AccHoist] Grouped 16 MMAs into 8 accumulator chains
[AccHoist] SUCCESS: hoisted 8 accumulator groups (16 total MMAs) as iter_args
[VecCopy] Async copy 128x32: 1 vecs/thread, vec_size=8 (cp.async 16B)
[VecCopy] Async copy 32x128: 1 vecs/thread, vec_size=8 (cp.async 16B)
[VecCopy] Replaced 2 linalg.copy ops with nvgpu.device_async_copy (CP.ASYNC)
[PadSmem] 128x32 -> 128x40 (pad=8, 16B-aligned)
[PadSmem] 32x128 -> 32x136 (pad=8, 16B-aligned)
[DoubleBuffer] Added smemA1(128x40), smemB1(32x136) workgroup attrs
[DoubleBuffer] Found K-loop with 8 iter_args
[DoubleBuffer] Loop body: 2 srcSubviews, 2 asyncCopies, 2 barriers
[DoubleBuffer] Prologue: k=lb prefetch issued (no wait)
[DoubleBuffer] replaceWithAdditionalYields OK, 13 iter_args
[DoubleBuffer] Phase E: double-buffering applied
  - 4 workgroup attrs (2× ping-pong buffers)
  - 13 iter_args (8 acc + 4 memref + 1 token)
  - 2 async copies per K-step
  - wait-at-top for compute/prefetch overlap
  - scf.if conditional last-iteration guard
[LdMatrixRewrite] Replaced 32 MMA operand(s) with ldmatrix
[FusionEpilogue] In-register: rewrote 32 tagged output stores with 1 epilogue ops (no separate kernel)
/usr/bin/ld: /home/hamza-usta/MatcoreDSL/.matcore_cache/3eb1b4b7f57e53f2c98a7f647d9ed576/kernel.o: warning: relocation in read-only section `.ltext'
/usr/bin/ld: warning: creating DT_TEXTREL in a shared object
