================================================================================
  3-Way Benchmark: sigmoid(tanh(gelu(relu(A @ B)))) — FP16
  1) PyTorch naive    (cuBLAS + 4 separate kernels)
  2) torch.compile    (cuBLAS + Triton fused epilogue)
  3) MatcoreDSL       (MMA + fused epilogue)
================================================================================

──────────────────────────────────────────────────────────────────────
  1024×1024  FP16  (0.002 TFLOP)
──────────────────────────────────────────────────────────────────────
  [torch.compile warming up...]
  PyTorch naive:         0.14 ms  ( 14.9 TFLOPS)
  torch.compile:         0.13 ms  ( 17.1 TFLOPS)
  MatcoreDSL fused:      0.26 ms  (  8.2 TFLOPS)
  vs naive:           0.55x
  vs torch.compile:   0.48x

──────────────────────────────────────────────────────────────────────
  2048×2048  FP16  (0.017 TFLOP)
──────────────────────────────────────────────────────────────────────
  [torch.compile warming up...]
  PyTorch naive:         0.63 ms  ( 27.1 TFLOPS)
  torch.compile:         0.75 ms  ( 23.0 TFLOPS)
  MatcoreDSL fused:      0.66 ms  ( 26.0 TFLOPS)
  vs naive:           0.96x
  vs torch.compile:   1.13x

──────────────────────────────────────────────────────────────────────
  4096×4096  FP16  (0.137 TFLOP)
──────────────────────────────────────────────────────────────────────
  [torch.compile warming up...]
  PyTorch naive:         5.96 ms  ( 23.1 TFLOPS)
  torch.compile:         5.77 ms  ( 23.8 TFLOPS)
  MatcoreDSL fused:      4.81 ms  ( 28.6 TFLOPS)
  vs naive:           1.24x
  vs torch.compile:   1.20x

================================================================================
